// Jest Snapshot v1, https://goo.gl/fbAQLP

exports[`Test the header component Matches the snapshot 1`] = `
<div>
  <div
    class="header"
  >
    <p>
      <a
        class="year"
        href="/"
      >
         
      </a>
    </p>
    <p
      class="heading"
    />
    <div
      class="icons"
    >
      <i
        class="bx bxs-microphone-alt"
      />
      <i
        class="bx bx-cog"
      />
    </div>
  </div>
  <div
    class="filter"
  >
    <form>
      <div
        class="filterDiv"
      >
        <input
          class="filterInput"
          placeholder="Enter code"
          value=""
        />
        <button
          class="btn"
          type="button"
        >
           SEARCH 
        </button>
      </div>
    </form>
  </div>
</div>
`;
